Source: ../api.sql
select * from temp.students;
---
{
	 id: 1.0
	 name: 'Alice Chen'
	 grade_level: 10.0
	 email: 'alice@school.edu'
}
{
	 id: 2.0
	 name: 'Bob Jones'
	 grade_level: 11.0
	 email: 'bob@school.edu'
}
{
	 id: 3.0
	 name: 'Clara Smith'
	 grade_level: 10.0
	 email: 'clara@school.edu'
}
{
	 id: 4.0
	 name: 'David Kim'
	 grade_level: 12.0
	 email: 'david@school.edu'
}
{
	 id: 5.0
	 name: 'Eva Lopez'
	 grade_level: 11.0
	 email: 'eva@school.edu'
}

